_git gcount _git gdv=git-diff _grep gfg _git ggf=git-checkout _git ggl=git-checkout _git ggp=git-checkout _git ggpnp=git-checkout _git ggu=git-checkout _git ggpur=git-checkout _git ggpull=git-checkout _git ggpush=git-checkout _git git-svn-dcommit-push=git _git gk=gitk _git gke=gitk _git glp=git-log _git gpoat=git-push
